143
24 27
22 25
21 30
20 23
15 18
11 19
10 13
9 29
8 17
7 16
5 26
4 28
3 12
2 14
1 6

