23
27 30
19 26
16 20
13 14
12 22
11 29
10 17
9 15
8 21
6 25
5 23
4 28
3 7
2 24
1 18

