61
44 50
37 39
35 41
34 49
29 43
28 31
26 47
24 32
22 23
18 42
17 20
15 33
14 45
12 38
11 13
10 25
9 16
8 19
7 40
6 36
5 48
4 27
3 46
2 21
1 30

