88
51 57
40 48
39 58
37 47
35 41
31 52
30 43
29 34
25 60
24 36
23 44
22 42
20 26
17 33
16 28
15 56
14 45
13 21
12 50
11 32
10 38
9 27
8 49
7 46
6 55
5 18
4 19
3 54
2 59
1 53

