82
56 57
51 54
43 58
42 45
41 52
40 49
34 36
32 39
28 47
27 55
26 33
23 48
22 31
20 60
19 30
18 38
15 21
14 16
13 17
11 35
10 24
9 12
8 25
7 46
6 29
5 59
4 37
3 50
2 53
1 44

